2026-03-15 13:17:02,043  INFO  Found 28 replay(s) in: C:\Users\ema_m\OneDrive\Documents\StarCraft II\Accounts\406314395\2-S2-1-10900170\Replays\Multiplayer
2026-03-15 13:17:02,045  INFO    Vault already has 7 note(s) — skipping those replays.
2026-03-15 13:17:02,046  INFO    Skipping 7 already-processed | Processing 21 new replay(s)

2026-03-15 13:17:02,047  INFO  [1/21] 10000 Feet LE.SC2Replay  (2026-03-10 21:44)
2026-03-15 13:17:02,576  INFO  [2/21] Taito Citadel LE.SC2Replay  (2026-03-11 20:42)
2026-03-15 13:17:03,097  INFO  [3/21] Winter Madness LE2.SC2Replay  (2026-03-11 20:56)
2026-03-15 13:17:03,616  INFO  [4/21] Taito Citadel LE (4).SC2Replay  (2026-03-11 21:42)
2026-03-15 13:17:04,139  INFO  [5/21] Tourmaline LE.SC2Replay  (2026-03-12 20:27)
2026-03-15 13:17:04,672  INFO  [6/21] White Rabbit LE.SC2Replay  (2026-03-12 20:38)
2026-03-15 13:17:05,190  INFO  [7/21] Ruby Rock LE.SC2Replay  (2026-03-12 20:48)
2026-03-15 13:17:05,711  INFO  [8/21] Celestial Enclave LE.SC2Replay  (2026-03-12 21:00)
2026-03-15 13:17:06,236  INFO  [9/21] Taito Citadel LE (5).SC2Replay  (2026-03-13 17:19)
2026-03-15 13:17:06,770  INFO  [10/21] Ruby Rock LE (2).SC2Replay  (2026-03-13 17:36)
2026-03-15 13:17:07,292  INFO  [11/21] 10000 Feet LE (2).SC2Replay  (2026-03-13 17:48)
2026-03-15 13:17:07,825  INFO  [12/21] Winter Madness LE.SC2Replay  (2026-03-13 18:03)
2026-03-15 13:17:08,359  INFO  [13/21] Ruby Rock LE (3).SC2Replay  (2026-03-13 18:26)
2026-03-15 13:17:08,895  INFO  [14/21] 10000 Feet LE (3).SC2Replay  (2026-03-13 22:28)
2026-03-15 13:17:09,416  INFO  [15/21] 10000 Feet LE (5).SC2Replay  (2026-03-13 23:09)
2026-03-15 13:17:09,938  INFO  [16/21] 10000 Feet LE (6).SC2Replay  (2026-03-14 13:20)
2026-03-15 13:17:10,454  INFO  [17/21] White Rabbit LE (2).SC2Replay  (2026-03-14 13:48)
2026-03-15 13:17:10,989  INFO  [18/21] Taito Citadel LE (6).SC2Replay  (2026-03-14 14:08)
2026-03-15 13:17:11,515  INFO  [19/21] Ruby Rock LE (4).SC2Replay  (2026-03-14 14:32)
2026-03-15 13:17:12,048  INFO  [20/21] Winter Madness LE (4).SC2Replay  (2026-03-14 18:55)
2026-03-15 13:17:12,585  INFO  [21/21] Taito Citadel LE (7).SC2Replay  (2026-03-14 19:27)
2026-03-20 17:00:53,613  ERROR  Vault not found: C:\Users\YourName\Documents\ZergBenchmarks
2026-03-20 17:00:53,614  ERROR  Set VAULT_PATH in the CONFIG section of this script.
2026-03-20 17:01:25,842  INFO  Found 43 replay(s) in: C:\Users\ema_m\OneDrive\Documents\StarCraft II\Accounts\406314395\2-S2-1-10900170\Replays\Multiplayer
2026-03-20 17:01:25,843  INFO    Vault already has 39 note(s) — skipping those replays.
2026-03-20 17:01:25,845  INFO    Skipping 39 already-processed | Processing 4 new replay(s)

2026-03-20 17:01:25,845  INFO  [1/4] Winter Madness LE (5).SC2Replay  (2026-03-16 21:02)
2026-03-20 17:01:26,366  INFO  [2/4] White Rabbit LE (7).SC2Replay  (2026-03-16 21:20)
2026-03-20 17:01:26,910  INFO  [3/4] Taito Citadel LE (8).SC2Replay  (2026-03-18 21:05)
2026-03-20 17:01:27,485  INFO  [4/4] Old Republic LE.SC2Replay  (2026-03-20 14:40)
2026-03-20 19:01:48,683  INFO  Found 44 replay(s) in: C:\Users\ema_m\OneDrive\Documents\StarCraft II\Accounts\406314395\2-S2-1-10900170\Replays\Multiplayer
2026-03-20 19:01:48,685  INFO    Vault already has 43 note(s) — skipping those replays.
2026-03-20 19:01:48,688  INFO    Skipping 43 already-processed | Processing 1 new replay(s)

2026-03-20 19:01:48,688  INFO  [1/1] 10000 Feet LE (20).SC2Replay  (2026-03-20 19:00)
2026-03-21 12:30:17,317  INFO  Found 47 replay(s) in: C:\Users\ema_m\OneDrive\Documents\StarCraft II\Accounts\406314395\2-S2-1-10900170\Replays\Multiplayer
2026-03-21 12:30:17,321  INFO    Skipping 0 already-processed | Processing 47 new replay(s)

2026-03-21 12:30:17,321  INFO  [1/47] 10000 Feet LE.SC2Replay  (2026-03-10 21:44)
2026-03-21 12:30:17,853  INFO  [2/47] Taito Citadel LE.SC2Replay  (2026-03-11 20:42)
2026-03-21 12:30:18,376  INFO  [3/47] Winter Madness LE2.SC2Replay  (2026-03-11 20:56)
2026-03-21 12:30:18,896  INFO  [4/47] Taito Citadel LE (4).SC2Replay  (2026-03-11 21:42)
2026-03-21 12:30:19,421  INFO  [5/47] Tourmaline LE.SC2Replay  (2026-03-12 20:27)
2026-03-21 12:30:19,954  INFO  [6/47] White Rabbit LE.SC2Replay  (2026-03-12 20:38)
2026-03-21 12:30:20,474  INFO  [7/47] Ruby Rock LE.SC2Replay  (2026-03-12 20:48)
2026-03-21 12:30:20,995  INFO  [8/47] Celestial Enclave LE.SC2Replay  (2026-03-12 21:00)
2026-03-21 12:30:21,519  INFO  [9/47] Taito Citadel LE (5).SC2Replay  (2026-03-13 17:19)
2026-03-21 12:30:22,049  INFO  [10/47] Ruby Rock LE (2).SC2Replay  (2026-03-13 17:36)
2026-03-21 12:30:22,573  INFO  [11/47] 10000 Feet LE (2).SC2Replay  (2026-03-13 17:48)
2026-03-21 12:30:23,105  INFO  [12/47] Winter Madness LE.SC2Replay  (2026-03-13 18:03)
2026-03-21 12:30:23,639  INFO  [13/47] Ruby Rock LE (3).SC2Replay  (2026-03-13 18:26)
2026-03-21 12:30:24,173  INFO  [14/47] 10000 Feet LE (3).SC2Replay  (2026-03-13 22:28)
2026-03-21 12:30:24,694  INFO  [15/47] 10000 Feet LE (5).SC2Replay  (2026-03-13 23:09)
2026-03-21 12:30:25,214  INFO  [16/47] 10000 Feet LE (6).SC2Replay  (2026-03-14 13:20)
2026-03-21 12:30:25,731  INFO  [17/47] White Rabbit LE (2).SC2Replay  (2026-03-14 13:48)
2026-03-21 12:30:26,263  INFO  [18/47] Taito Citadel LE (6).SC2Replay  (2026-03-14 14:08)
2026-03-21 12:30:26,792  INFO  [19/47] Ruby Rock LE (4).SC2Replay  (2026-03-14 14:32)
2026-03-21 12:30:27,325  INFO  [20/47] Winter Madness LE (2).SC2Replay  (2026-03-14 15:05)
2026-03-21 12:30:27,841  INFO  [21/47] Ruby Rock LE (5).SC2Replay  (2026-03-14 15:14)
2026-03-21 12:30:28,361  INFO  [22/47] White Rabbit LE (3).SC2Replay  (2026-03-14 15:23)
2026-03-21 12:30:28,882  INFO  [23/47] Winter Madness LE (3).SC2Replay  (2026-03-14 15:38)
2026-03-21 12:30:29,413  INFO  [24/47] White Rabbit LE (4).SC2Replay  (2026-03-14 15:54)
2026-03-21 12:30:29,940  INFO  [25/47] 10000 Feet LE (7).SC2Replay  (2026-03-14 16:10)
2026-03-21 12:30:30,470  INFO  [26/47] White Rabbit LE (5).SC2Replay  (2026-03-14 16:26)
2026-03-21 12:30:30,996  INFO  [27/47] Winter Madness LE (4).SC2Replay  (2026-03-14 18:55)
2026-03-21 12:30:31,534  INFO  [28/47] Taito Citadel LE (7).SC2Replay  (2026-03-14 19:27)
2026-03-21 12:30:32,100  INFO  [29/47] Ruby Rock LE (6).SC2Replay  (2026-03-15 14:17)
2026-03-21 12:30:32,627  INFO  [30/47] White Rabbit LE (6).SC2Replay  (2026-03-15 14:37)
2026-03-21 12:30:33,158  INFO  [31/47] Winter Madness LE (5).SC2Replay  (2026-03-16 21:02)
2026-03-21 12:30:33,675  INFO  [32/47] White Rabbit LE (7).SC2Replay  (2026-03-16 21:20)
2026-03-21 12:30:34,217  INFO  [33/47] Taito Citadel LE (8).SC2Replay  (2026-03-18 21:05)
2026-03-21 12:30:34,776  INFO  [34/47] Old Republic LE.SC2Replay  (2026-03-20 14:40)
2026-03-21 12:30:35,322  INFO  [35/47] 10000 Feet LE (18).SC2Replay  (2026-03-20 14:58)
2026-03-21 12:30:35,861  INFO  [36/47] Winter Madness LE (6).SC2Replay  (2026-03-20 16:01)
2026-03-21 12:30:36,399  INFO  [37/47] White Rabbit LE (8).SC2Replay  (2026-03-20 16:07)
2026-03-21 12:30:36,916  INFO  [38/47] White Rabbit LE (9).SC2Replay  (2026-03-20 16:11)
2026-03-21 12:30:37,433  INFO  [39/47] Ruby Rock LE (7).SC2Replay  (2026-03-20 16:19)
2026-03-21 12:30:37,953  INFO  [40/47] Celestial Enclave LE (2).SC2Replay  (2026-03-20 16:26)
2026-03-21 12:30:38,474  INFO  [41/47] Taito Citadel LE (9).SC2Replay  (2026-03-20 16:28)
2026-03-21 12:30:38,991  INFO  [42/47] Ruby Rock LE (8).SC2Replay  (2026-03-20 16:43)
2026-03-21 12:30:39,512  INFO  [43/47] 10000 Feet LE (19).SC2Replay  (2026-03-20 16:56)
2026-03-21 12:30:40,034  INFO  [44/47] 10000 Feet LE (20).SC2Replay  (2026-03-20 19:00)
2026-03-21 12:30:40,555  INFO  [45/47] 10000 Feet LE (21).SC2Replay  (2026-03-20 19:14)
2026-03-21 12:30:41,079  INFO  [46/47] Tourmaline LE (2).SC2Replay  (2026-03-20 19:32)
2026-03-21 12:30:41,620  INFO  [47/47] Celestial Enclave LE (3).SC2Replay  (2026-03-20 19:51)
2026-03-21 13:04:34,063  INFO  Found 47 replay(s) in: C:\Users\ema_m\OneDrive\Documents\StarCraft II\Accounts\406314395\2-S2-1-10900170\Replays\Multiplayer
2026-03-21 13:04:34,066  INFO    Skipping 0 already-processed | Processing 47 new replay(s)

2026-03-21 13:04:34,066  INFO  [1/47] 10000 Feet LE.SC2Replay  (2026-03-10 21:44)
2026-03-21 13:04:34,593  INFO  [2/47] Taito Citadel LE.SC2Replay  (2026-03-11 20:42)
2026-03-21 13:04:35,107  INFO  [3/47] Winter Madness LE2.SC2Replay  (2026-03-11 20:56)
2026-03-21 13:04:35,621  INFO  [4/47] Taito Citadel LE (4).SC2Replay  (2026-03-11 21:42)
2026-03-21 13:04:36,149  INFO  [5/47] Tourmaline LE.SC2Replay  (2026-03-12 20:27)
2026-03-21 13:04:36,675  INFO  [6/47] White Rabbit LE.SC2Replay  (2026-03-12 20:38)
2026-03-21 13:04:37,187  INFO  [7/47] Ruby Rock LE.SC2Replay  (2026-03-12 20:48)
2026-03-21 13:04:37,700  INFO  [8/47] Celestial Enclave LE.SC2Replay  (2026-03-12 21:00)
2026-03-21 13:04:38,216  INFO  [9/47] Taito Citadel LE (5).SC2Replay  (2026-03-13 17:19)
2026-03-21 13:04:38,736  INFO  [10/47] Ruby Rock LE (2).SC2Replay  (2026-03-13 17:36)
2026-03-21 13:04:39,250  INFO  [11/47] 10000 Feet LE (2).SC2Replay  (2026-03-13 17:48)
2026-03-21 13:04:39,761  INFO  [12/47] Winter Madness LE.SC2Replay  (2026-03-13 18:03)
2026-03-21 13:04:40,287  INFO  [13/47] Ruby Rock LE (3).SC2Replay  (2026-03-13 18:26)
2026-03-21 13:04:40,816  INFO  [14/47] 10000 Feet LE (3).SC2Replay  (2026-03-13 22:28)
2026-03-21 13:04:41,331  INFO  [15/47] 10000 Feet LE (5).SC2Replay  (2026-03-13 23:09)
2026-03-21 13:04:41,846  INFO  [16/47] 10000 Feet LE (6).SC2Replay  (2026-03-14 13:20)
2026-03-21 13:04:42,356  INFO  [17/47] White Rabbit LE (2).SC2Replay  (2026-03-14 13:48)
2026-03-21 13:04:42,881  INFO  [18/47] Taito Citadel LE (6).SC2Replay  (2026-03-14 14:08)
2026-03-21 13:04:43,403  INFO  [19/47] Ruby Rock LE (4).SC2Replay  (2026-03-14 14:32)
2026-03-21 13:04:43,932  INFO  [20/47] Winter Madness LE (2).SC2Replay  (2026-03-14 15:05)
2026-03-21 13:04:44,441  INFO  [21/47] Ruby Rock LE (5).SC2Replay  (2026-03-14 15:14)
2026-03-21 13:04:44,953  INFO  [22/47] White Rabbit LE (3).SC2Replay  (2026-03-14 15:23)
2026-03-21 13:04:45,467  INFO  [23/47] Winter Madness LE (3).SC2Replay  (2026-03-14 15:38)
2026-03-21 13:04:45,996  INFO  [24/47] White Rabbit LE (4).SC2Replay  (2026-03-14 15:54)
2026-03-21 13:04:46,515  INFO  [25/47] 10000 Feet LE (7).SC2Replay  (2026-03-14 16:10)
2026-03-21 13:04:47,038  INFO  [26/47] White Rabbit LE (5).SC2Replay  (2026-03-14 16:26)
2026-03-21 13:04:47,563  INFO  [27/47] Winter Madness LE (4).SC2Replay  (2026-03-14 18:55)
2026-03-21 13:04:48,096  INFO  [28/47] Taito Citadel LE (7).SC2Replay  (2026-03-14 19:27)
2026-03-21 13:04:48,655  INFO  [29/47] Ruby Rock LE (6).SC2Replay  (2026-03-15 14:17)
2026-03-21 13:04:49,181  INFO  [30/47] White Rabbit LE (6).SC2Replay  (2026-03-15 14:37)
2026-03-21 13:04:49,709  INFO  [31/47] Winter Madness LE (5).SC2Replay  (2026-03-16 21:02)
2026-03-21 13:04:50,219  INFO  [32/47] White Rabbit LE (7).SC2Replay  (2026-03-16 21:20)
2026-03-21 13:04:50,758  INFO  [33/47] Taito Citadel LE (8).SC2Replay  (2026-03-18 21:05)
2026-03-21 13:04:51,318  INFO  [34/47] Old Republic LE.SC2Replay  (2026-03-20 14:40)
2026-03-21 13:04:51,862  INFO  [35/47] 10000 Feet LE (18).SC2Replay  (2026-03-20 14:58)
2026-03-21 13:04:52,403  INFO  [36/47] Winter Madness LE (6).SC2Replay  (2026-03-20 16:01)
2026-03-21 13:04:52,955  INFO  [37/47] White Rabbit LE (8).SC2Replay  (2026-03-20 16:07)
2026-03-21 13:04:53,466  INFO  [38/47] White Rabbit LE (9).SC2Replay  (2026-03-20 16:11)
2026-03-21 13:04:53,979  INFO  [39/47] Ruby Rock LE (7).SC2Replay  (2026-03-20 16:19)
2026-03-21 13:04:54,492  INFO  [40/47] Celestial Enclave LE (2).SC2Replay  (2026-03-20 16:26)
2026-03-21 13:04:55,003  INFO  [41/47] Taito Citadel LE (9).SC2Replay  (2026-03-20 16:28)
2026-03-21 13:04:55,515  INFO  [42/47] Ruby Rock LE (8).SC2Replay  (2026-03-20 16:43)
2026-03-21 13:04:56,030  INFO  [43/47] 10000 Feet LE (19).SC2Replay  (2026-03-20 16:56)
2026-03-21 13:04:56,545  INFO  [44/47] 10000 Feet LE (20).SC2Replay  (2026-03-20 19:00)
2026-03-21 13:04:57,060  INFO  [45/47] 10000 Feet LE (21).SC2Replay  (2026-03-20 19:14)
2026-03-21 13:04:57,575  INFO  [46/47] Tourmaline LE (2).SC2Replay  (2026-03-20 19:32)
2026-03-21 13:04:58,108  INFO  [47/47] Celestial Enclave LE (3).SC2Replay  (2026-03-20 19:51)
2026-03-21 15:16:08,785  INFO  Found 51 replay(s) in: C:\Users\ema_m\OneDrive\Documents\StarCraft II\Accounts\406314395\2-S2-1-10900170\Replays\Multiplayer
2026-03-21 15:16:08,789  INFO    Skipping 0 already-processed | Processing 51 new replay(s)

2026-03-21 15:16:08,789  INFO  [1/51] 10000 Feet LE.SC2Replay  (2026-03-10 21:44)
2026-03-21 15:16:09,317  INFO  [2/51] Taito Citadel LE.SC2Replay  (2026-03-11 20:42)
2026-03-21 15:16:09,837  INFO  [3/51] Winter Madness LE2.SC2Replay  (2026-03-11 20:56)
2026-03-21 15:16:10,352  INFO  [4/51] Taito Citadel LE (4).SC2Replay  (2026-03-11 21:42)
2026-03-21 15:16:10,872  INFO  [5/51] Tourmaline LE.SC2Replay  (2026-03-12 20:27)
2026-03-21 15:16:11,400  INFO  [6/51] White Rabbit LE.SC2Replay  (2026-03-12 20:38)
2026-03-21 15:16:11,916  INFO  [7/51] Ruby Rock LE.SC2Replay  (2026-03-12 20:48)
2026-03-21 15:16:12,429  INFO  [8/51] Celestial Enclave LE.SC2Replay  (2026-03-12 21:00)
2026-03-21 15:16:12,946  INFO  [9/51] Taito Citadel LE (5).SC2Replay  (2026-03-13 17:19)
2026-03-21 15:16:13,468  INFO  [10/51] Ruby Rock LE (2).SC2Replay  (2026-03-13 17:36)
2026-03-21 15:16:13,983  INFO  [11/51] 10000 Feet LE (2).SC2Replay  (2026-03-13 17:48)
2026-03-21 15:16:14,496  INFO  [12/51] Winter Madness LE.SC2Replay  (2026-03-13 18:03)
2026-03-21 15:16:15,026  INFO  [13/51] Ruby Rock LE (3).SC2Replay  (2026-03-13 18:26)
2026-03-21 15:16:15,557  INFO  [14/51] 10000 Feet LE (3).SC2Replay  (2026-03-13 22:28)
2026-03-21 15:16:16,072  INFO  [15/51] 10000 Feet LE (5).SC2Replay  (2026-03-13 23:09)
2026-03-21 15:16:16,590  INFO  [16/51] 10000 Feet LE (6).SC2Replay  (2026-03-14 13:20)
2026-03-21 15:16:17,100  INFO  [17/51] White Rabbit LE (2).SC2Replay  (2026-03-14 13:48)
2026-03-21 15:16:17,628  INFO  [18/51] Taito Citadel LE (6).SC2Replay  (2026-03-14 14:08)
2026-03-21 15:16:18,153  INFO  [19/51] Ruby Rock LE (4).SC2Replay  (2026-03-14 14:32)
2026-03-21 15:16:18,684  INFO  [20/51] Winter Madness LE (2).SC2Replay  (2026-03-14 15:05)
2026-03-21 15:16:19,195  INFO  [21/51] Ruby Rock LE (5).SC2Replay  (2026-03-14 15:14)
2026-03-21 15:16:19,709  INFO  [22/51] White Rabbit LE (3).SC2Replay  (2026-03-14 15:23)
2026-03-21 15:16:20,224  INFO  [23/51] Winter Madness LE (3).SC2Replay  (2026-03-14 15:38)
2026-03-21 15:16:20,751  INFO  [24/51] White Rabbit LE (4).SC2Replay  (2026-03-14 15:54)
2026-03-21 15:16:21,270  INFO  [25/51] 10000 Feet LE (7).SC2Replay  (2026-03-14 16:10)
2026-03-21 15:16:21,794  INFO  [26/51] White Rabbit LE (5).SC2Replay  (2026-03-14 16:26)
2026-03-21 15:16:22,314  INFO  [27/51] Winter Madness LE (4).SC2Replay  (2026-03-14 18:55)
2026-03-21 15:16:22,847  INFO  [28/51] Taito Citadel LE (7).SC2Replay  (2026-03-14 19:27)
2026-03-21 15:16:23,410  INFO  [29/51] Ruby Rock LE (6).SC2Replay  (2026-03-15 14:17)
2026-03-21 15:16:23,937  INFO  [30/51] White Rabbit LE (6).SC2Replay  (2026-03-15 14:37)
2026-03-21 15:16:24,463  INFO  [31/51] Winter Madness LE (5).SC2Replay  (2026-03-16 21:02)
2026-03-21 15:16:24,974  INFO  [32/51] White Rabbit LE (7).SC2Replay  (2026-03-16 21:20)
2026-03-21 15:16:25,511  INFO  [33/51] Taito Citadel LE (8).SC2Replay  (2026-03-18 21:05)
2026-03-21 15:16:26,069  INFO  [34/51] Old Republic LE.SC2Replay  (2026-03-20 14:40)
2026-03-21 15:16:26,613  INFO  [35/51] 10000 Feet LE (18).SC2Replay  (2026-03-20 14:58)
2026-03-21 15:16:27,147  INFO  [36/51] Winter Madness LE (6).SC2Replay  (2026-03-20 16:01)
2026-03-21 15:16:27,681  INFO  [37/51] White Rabbit LE (8).SC2Replay  (2026-03-20 16:07)
2026-03-21 15:16:28,194  INFO  [38/51] White Rabbit LE (9).SC2Replay  (2026-03-20 16:11)
2026-03-21 15:16:28,706  INFO  [39/51] Ruby Rock LE (7).SC2Replay  (2026-03-20 16:19)
2026-03-21 15:16:29,223  INFO  [40/51] Celestial Enclave LE (2).SC2Replay  (2026-03-20 16:26)
2026-03-21 15:16:29,735  INFO  [41/51] Taito Citadel LE (9).SC2Replay  (2026-03-20 16:28)
2026-03-21 15:16:30,247  INFO  [42/51] Ruby Rock LE (8).SC2Replay  (2026-03-20 16:43)
2026-03-21 15:16:30,764  INFO  [43/51] 10000 Feet LE (19).SC2Replay  (2026-03-20 16:56)
2026-03-21 15:16:31,281  INFO  [44/51] 10000 Feet LE (20).SC2Replay  (2026-03-20 19:00)
2026-03-21 15:16:31,797  INFO  [45/51] 10000 Feet LE (21).SC2Replay  (2026-03-20 19:14)
2026-03-21 15:16:32,315  INFO  [46/51] Tourmaline LE (2).SC2Replay  (2026-03-20 19:32)
2026-03-21 15:16:32,849  INFO  [47/51] Celestial Enclave LE (3).SC2Replay  (2026-03-20 19:51)
2026-03-21 15:16:33,387  INFO  [48/51] 10000 Feet LE (22).SC2Replay  (2026-03-21 13:19)
2026-03-21 15:16:33,904  INFO  [49/51] White Rabbit LE (10).SC2Replay  (2026-03-21 13:28)
2026-03-21 15:16:34,416  INFO  [50/51] White Rabbit LE (11).SC2Replay  (2026-03-21 13:47)
2026-03-21 15:16:34,951  INFO  [51/51] 10000 Feet LE (23).SC2Replay  (2026-03-21 14:28)
2026-03-21 18:14:01,061  INFO  Found 54 replay(s) in: C:\Users\ema_m\OneDrive\Documents\StarCraft II\Accounts\406314395\2-S2-1-10900170\Replays\Multiplayer
2026-03-21 18:14:01,065  INFO    Skipping 0 already-processed | Processing 54 new replay(s)

2026-03-21 18:14:01,065  INFO  [1/54] 10000 Feet LE.SC2Replay  (2026-03-10 21:44)
2026-03-21 18:14:01,598  INFO  [2/54] Taito Citadel LE.SC2Replay  (2026-03-11 20:42)
2026-03-21 18:14:02,121  INFO  [3/54] Winter Madness LE2.SC2Replay  (2026-03-11 20:56)
2026-03-21 18:14:02,640  INFO  [4/54] Taito Citadel LE (4).SC2Replay  (2026-03-11 21:42)
2026-03-21 18:14:03,160  INFO  [5/54] Tourmaline LE.SC2Replay  (2026-03-12 20:27)
2026-03-21 18:14:03,690  INFO  [6/54] White Rabbit LE.SC2Replay  (2026-03-12 20:38)
2026-03-21 18:14:04,205  INFO  [7/54] Ruby Rock LE.SC2Replay  (2026-03-12 20:48)
2026-03-21 18:14:04,718  INFO  [8/54] Celestial Enclave LE.SC2Replay  (2026-03-12 21:00)
2026-03-21 18:14:05,237  INFO  [9/54] Taito Citadel LE (5).SC2Replay  (2026-03-13 17:19)
2026-03-21 18:14:05,759  INFO  [10/54] Ruby Rock LE (2).SC2Replay  (2026-03-13 17:36)
2026-03-21 18:14:06,276  INFO  [11/54] 10000 Feet LE (2).SC2Replay  (2026-03-13 17:48)
2026-03-21 18:14:06,790  INFO  [12/54] Winter Madness LE.SC2Replay  (2026-03-13 18:03)
2026-03-21 18:14:07,319  INFO  [13/54] Ruby Rock LE (3).SC2Replay  (2026-03-13 18:26)
2026-03-21 18:14:07,854  INFO  [14/54] 10000 Feet LE (3).SC2Replay  (2026-03-13 22:28)
2026-03-21 18:14:08,371  INFO  [15/54] 10000 Feet LE (5).SC2Replay  (2026-03-13 23:09)
2026-03-21 18:14:08,888  INFO  [16/54] 10000 Feet LE (6).SC2Replay  (2026-03-14 13:20)
2026-03-21 18:14:09,400  INFO  [17/54] White Rabbit LE (2).SC2Replay  (2026-03-14 13:48)
2026-03-21 18:14:09,929  INFO  [18/54] Taito Citadel LE (6).SC2Replay  (2026-03-14 14:08)
2026-03-21 18:14:10,456  INFO  [19/54] Ruby Rock LE (4).SC2Replay  (2026-03-14 14:32)
2026-03-21 18:14:10,989  INFO  [20/54] Winter Madness LE (2).SC2Replay  (2026-03-14 15:05)
2026-03-21 18:14:11,501  INFO  [21/54] Ruby Rock LE (5).SC2Replay  (2026-03-14 15:14)
2026-03-21 18:14:12,017  INFO  [22/54] White Rabbit LE (3).SC2Replay  (2026-03-14 15:23)
2026-03-21 18:14:12,537  INFO  [23/54] Winter Madness LE (3).SC2Replay  (2026-03-14 15:38)
2026-03-21 18:14:13,066  INFO  [24/54] White Rabbit LE (4).SC2Replay  (2026-03-14 15:54)
2026-03-21 18:14:13,587  INFO  [25/54] 10000 Feet LE (7).SC2Replay  (2026-03-14 16:10)
2026-03-21 18:14:14,109  INFO  [26/54] White Rabbit LE (5).SC2Replay  (2026-03-14 16:26)
2026-03-21 18:14:14,631  INFO  [27/54] Winter Madness LE (4).SC2Replay  (2026-03-14 18:55)
2026-03-21 18:14:15,169  INFO  [28/54] Taito Citadel LE (7).SC2Replay  (2026-03-14 19:27)
2026-03-21 18:14:15,738  INFO  [29/54] Ruby Rock LE (6).SC2Replay  (2026-03-15 14:17)
2026-03-21 18:14:16,266  INFO  [30/54] White Rabbit LE (6).SC2Replay  (2026-03-15 14:37)
2026-03-21 18:14:16,793  INFO  [31/54] Winter Madness LE (5).SC2Replay  (2026-03-16 21:02)
2026-03-21 18:14:17,305  INFO  [32/54] White Rabbit LE (7).SC2Replay  (2026-03-16 21:20)
2026-03-21 18:14:17,842  INFO  [33/54] Taito Citadel LE (8).SC2Replay  (2026-03-18 21:05)
2026-03-21 18:14:18,402  INFO  [34/54] Old Republic LE.SC2Replay  (2026-03-20 14:40)
2026-03-21 18:14:18,947  INFO  [35/54] 10000 Feet LE (18).SC2Replay  (2026-03-20 14:58)
2026-03-21 18:14:19,485  INFO  [36/54] Winter Madness LE (6).SC2Replay  (2026-03-20 16:01)
2026-03-21 18:14:20,020  INFO  [37/54] White Rabbit LE (8).SC2Replay  (2026-03-20 16:07)
2026-03-21 18:14:20,534  INFO  [38/54] White Rabbit LE (9).SC2Replay  (2026-03-20 16:11)
2026-03-21 18:14:21,048  INFO  [39/54] Ruby Rock LE (7).SC2Replay  (2026-03-20 16:19)
2026-03-21 18:14:21,566  INFO  [40/54] Celestial Enclave LE (2).SC2Replay  (2026-03-20 16:26)
2026-03-21 18:14:22,082  INFO  [41/54] Taito Citadel LE (9).SC2Replay  (2026-03-20 16:28)
2026-03-21 18:14:22,595  INFO  [42/54] Ruby Rock LE (8).SC2Replay  (2026-03-20 16:43)
2026-03-21 18:14:23,114  INFO  [43/54] 10000 Feet LE (19).SC2Replay  (2026-03-20 16:56)
2026-03-21 18:14:23,634  INFO  [44/54] 10000 Feet LE (20).SC2Replay  (2026-03-20 19:00)
2026-03-21 18:14:24,155  INFO  [45/54] 10000 Feet LE (21).SC2Replay  (2026-03-20 19:14)
2026-03-21 18:14:24,676  INFO  [46/54] Tourmaline LE (2).SC2Replay  (2026-03-20 19:32)
2026-03-21 18:14:25,216  INFO  [47/54] Celestial Enclave LE (3).SC2Replay  (2026-03-20 19:51)
2026-03-21 18:14:25,765  INFO  [48/54] 10000 Feet LE (22).SC2Replay  (2026-03-21 13:19)
2026-03-21 18:14:26,284  INFO  [49/54] White Rabbit LE (10).SC2Replay  (2026-03-21 13:28)
2026-03-21 18:14:26,800  INFO  [50/54] White Rabbit LE (11).SC2Replay  (2026-03-21 13:47)
2026-03-21 18:14:27,339  INFO  [51/54] 10000 Feet LE (23).SC2Replay  (2026-03-21 14:28)
2026-03-21 18:14:27,886  INFO  [52/54] 10000 Feet LE (24).SC2Replay  (2026-03-21 15:50)
2026-03-21 18:14:28,417  INFO  [53/54] 10000 Feet LE (25).SC2Replay  (2026-03-21 16:07)
2026-03-21 18:14:28,934  INFO  [54/54] Celestial Enclave LE (4).SC2Replay  (2026-03-21 16:48)
2026-03-21 18:42:39,005  ERROR  Vault not found: C:\Users\YourName\Documents\ZergBenchmarks
2026-03-21 18:42:39,006  ERROR  Set VAULT_PATH in the CONFIG section of this script.
2026-03-21 18:43:10,138  INFO  Found 54 replay(s) in: C:\Users\ema_m\OneDrive\Documents\StarCraft II\Accounts\406314395\2-S2-1-10900170\Replays\Multiplayer
2026-03-21 18:43:10,141  INFO    Skipping 0 already-processed | Processing 54 new replay(s)

2026-03-21 18:43:10,141  INFO  [1/54] 10000 Feet LE.SC2Replay  (2026-03-10 21:44)
2026-03-21 18:43:10,670  INFO  [2/54] Taito Citadel LE.SC2Replay  (2026-03-11 20:42)
2026-03-21 18:43:11,188  INFO  [3/54] Winter Madness LE2.SC2Replay  (2026-03-11 20:56)
2026-03-21 18:43:11,706  INFO  [4/54] Taito Citadel LE (4).SC2Replay  (2026-03-11 21:42)
2026-03-21 18:43:12,226  INFO  [5/54] Tourmaline LE.SC2Replay  (2026-03-12 20:27)
2026-03-21 18:43:12,755  INFO  [6/54] White Rabbit LE.SC2Replay  (2026-03-12 20:38)
2026-03-21 18:43:13,271  INFO  [7/54] Ruby Rock LE.SC2Replay  (2026-03-12 20:48)
2026-03-21 18:43:13,784  INFO  [8/54] Celestial Enclave LE.SC2Replay  (2026-03-12 21:00)
2026-03-21 18:43:14,302  INFO  [9/54] Taito Citadel LE (5).SC2Replay  (2026-03-13 17:19)
2026-03-21 18:43:14,821  INFO  [10/54] Ruby Rock LE (2).SC2Replay  (2026-03-13 17:36)
2026-03-21 18:43:15,336  INFO  [11/54] 10000 Feet LE (2).SC2Replay  (2026-03-13 17:48)
2026-03-21 18:43:15,851  INFO  [12/54] Winter Madness LE.SC2Replay  (2026-03-13 18:03)
2026-03-21 18:43:16,380  INFO  [13/54] Ruby Rock LE (3).SC2Replay  (2026-03-13 18:26)
2026-03-21 18:43:16,910  INFO  [14/54] 10000 Feet LE (3).SC2Replay  (2026-03-13 22:28)
2026-03-21 18:43:17,427  INFO  [15/54] 10000 Feet LE (5).SC2Replay  (2026-03-13 23:09)
2026-03-21 18:43:17,946  INFO  [16/54] 10000 Feet LE (6).SC2Replay  (2026-03-14 13:20)
2026-03-21 18:43:18,457  INFO  [17/54] White Rabbit LE (2).SC2Replay  (2026-03-14 13:48)
2026-03-21 18:43:18,987  INFO  [18/54] Taito Citadel LE (6).SC2Replay  (2026-03-14 14:08)
2026-03-21 18:43:19,511  INFO  [19/54] Ruby Rock LE (4).SC2Replay  (2026-03-14 14:32)
2026-03-21 18:43:20,042  INFO  [20/54] Winter Madness LE (2).SC2Replay  (2026-03-14 15:05)
2026-03-21 18:43:20,554  INFO  [21/54] Ruby Rock LE (5).SC2Replay  (2026-03-14 15:14)
2026-03-21 18:43:21,068  INFO  [22/54] White Rabbit LE (3).SC2Replay  (2026-03-14 15:23)
2026-03-21 18:43:21,585  INFO  [23/54] Winter Madness LE (3).SC2Replay  (2026-03-14 15:38)
2026-03-21 18:43:22,113  INFO  [24/54] White Rabbit LE (4).SC2Replay  (2026-03-14 15:54)
2026-03-21 18:43:22,633  INFO  [25/54] 10000 Feet LE (7).SC2Replay  (2026-03-14 16:10)
2026-03-21 18:43:23,154  INFO  [26/54] White Rabbit LE (5).SC2Replay  (2026-03-14 16:26)
2026-03-21 18:43:23,676  INFO  [27/54] Winter Madness LE (4).SC2Replay  (2026-03-14 18:55)
2026-03-21 18:43:24,209  INFO  [28/54] Taito Citadel LE (7).SC2Replay  (2026-03-14 19:27)
2026-03-21 18:43:24,771  INFO  [29/54] Ruby Rock LE (6).SC2Replay  (2026-03-15 14:17)
2026-03-21 18:43:25,297  INFO  [30/54] White Rabbit LE (6).SC2Replay  (2026-03-15 14:37)
2026-03-21 18:43:25,822  INFO  [31/54] Winter Madness LE (5).SC2Replay  (2026-03-16 21:02)
2026-03-21 18:43:26,335  INFO  [32/54] White Rabbit LE (7).SC2Replay  (2026-03-16 21:20)
2026-03-21 18:43:26,870  INFO  [33/54] Taito Citadel LE (8).SC2Replay  (2026-03-18 21:05)
2026-03-21 18:43:27,425  INFO  [34/54] Old Republic LE.SC2Replay  (2026-03-20 14:40)
2026-03-21 18:43:27,968  INFO  [35/54] 10000 Feet LE (18).SC2Replay  (2026-03-20 14:58)
2026-03-21 18:43:28,501  INFO  [36/54] Winter Madness LE (6).SC2Replay  (2026-03-20 16:01)
2026-03-21 18:43:29,035  INFO  [37/54] White Rabbit LE (8).SC2Replay  (2026-03-20 16:07)
2026-03-21 18:43:29,549  INFO  [38/54] White Rabbit LE (9).SC2Replay  (2026-03-20 16:11)
2026-03-21 18:43:30,061  INFO  [39/54] Ruby Rock LE (7).SC2Replay  (2026-03-20 16:19)
2026-03-21 18:43:30,578  INFO  [40/54] Celestial Enclave LE (2).SC2Replay  (2026-03-20 16:26)
2026-03-21 18:43:31,093  INFO  [41/54] Taito Citadel LE (9).SC2Replay  (2026-03-20 16:28)
2026-03-21 18:43:31,606  INFO  [42/54] Ruby Rock LE (8).SC2Replay  (2026-03-20 16:43)
2026-03-21 18:43:32,125  INFO  [43/54] 10000 Feet LE (19).SC2Replay  (2026-03-20 16:56)
2026-03-21 18:43:32,644  INFO  [44/54] 10000 Feet LE (20).SC2Replay  (2026-03-20 19:00)
2026-03-21 18:43:33,161  INFO  [45/54] 10000 Feet LE (21).SC2Replay  (2026-03-20 19:14)
2026-03-21 18:43:33,681  INFO  [46/54] Tourmaline LE (2).SC2Replay  (2026-03-20 19:32)
2026-03-21 18:43:34,219  INFO  [47/54] Celestial Enclave LE (3).SC2Replay  (2026-03-20 19:51)
2026-03-21 18:43:34,757  INFO  [48/54] 10000 Feet LE (22).SC2Replay  (2026-03-21 13:19)
2026-03-21 18:43:35,278  INFO  [49/54] White Rabbit LE (10).SC2Replay  (2026-03-21 13:28)
2026-03-21 18:43:35,793  INFO  [50/54] White Rabbit LE (11).SC2Replay  (2026-03-21 13:47)
2026-03-21 18:43:36,331  INFO  [51/54] 10000 Feet LE (23).SC2Replay  (2026-03-21 14:28)
2026-03-21 18:43:36,881  INFO  [52/54] 10000 Feet LE (24).SC2Replay  (2026-03-21 15:50)
2026-03-21 18:43:37,412  INFO  [53/54] 10000 Feet LE (25).SC2Replay  (2026-03-21 16:07)
2026-03-21 18:43:37,929  INFO  [54/54] Celestial Enclave LE (4).SC2Replay  (2026-03-21 16:48)
2026-03-21 18:53:58,993  INFO  Found 54 replay(s) in: C:\Users\ema_m\OneDrive\Documents\StarCraft II\Accounts\406314395\2-S2-1-10900170\Replays\Multiplayer
2026-03-21 18:53:58,996  INFO    Skipping 0 already-processed | Processing 54 new replay(s)

2026-03-21 18:53:58,997  INFO  [1/54] 10000 Feet LE.SC2Replay  (2026-03-10 21:44)
2026-03-21 18:54:00,309  INFO  [2/54] Taito Citadel LE.SC2Replay  (2026-03-11 20:42)
2026-03-21 18:54:01,257  INFO  [3/54] Winter Madness LE2.SC2Replay  (2026-03-11 20:56)
2026-03-21 18:54:02,067  INFO  [4/54] Taito Citadel LE (4).SC2Replay  (2026-03-11 21:42)
2026-03-21 18:54:03,109  INFO  [5/54] Tourmaline LE.SC2Replay  (2026-03-12 20:27)
2026-03-21 18:54:04,630  INFO  [6/54] White Rabbit LE.SC2Replay  (2026-03-12 20:38)
2026-03-21 18:54:05,427  INFO  [7/54] Ruby Rock LE.SC2Replay  (2026-03-12 20:48)
2026-03-21 18:54:06,000  INFO  [8/54] Celestial Enclave LE.SC2Replay  (2026-03-12 21:00)
2026-03-21 18:54:06,940  INFO  [9/54] Taito Citadel LE (5).SC2Replay  (2026-03-13 17:19)
2026-03-21 18:54:07,577  INFO  [10/54] Ruby Rock LE (2).SC2Replay  (2026-03-13 17:36)
2026-03-21 18:54:08,166  INFO  [11/54] 10000 Feet LE (2).SC2Replay  (2026-03-13 17:48)
2026-03-21 18:54:08,935  INFO  [12/54] Winter Madness LE.SC2Replay  (2026-03-13 18:03)
2026-03-21 18:54:10,465  INFO  [13/54] Ruby Rock LE (3).SC2Replay  (2026-03-13 18:26)
2026-03-21 18:54:12,084  INFO  [14/54] 10000 Feet LE (3).SC2Replay  (2026-03-13 22:28)
2026-03-21 18:54:12,994  INFO  [15/54] 10000 Feet LE (5).SC2Replay  (2026-03-13 23:09)
2026-03-21 18:54:13,940  INFO  [16/54] 10000 Feet LE (6).SC2Replay  (2026-03-14 13:20)
2026-03-21 18:54:14,457  INFO  [17/54] White Rabbit LE (2).SC2Replay  (2026-03-14 13:48)
2026-03-21 18:54:15,927  INFO  [18/54] Taito Citadel LE (6).SC2Replay  (2026-03-14 14:08)
2026-03-21 18:54:17,156  INFO  [19/54] Ruby Rock LE (4).SC2Replay  (2026-03-14 14:32)
2026-03-21 18:54:18,721  INFO  [20/54] Winter Madness LE (2).SC2Replay  (2026-03-14 15:05)
2026-03-21 18:54:19,237  INFO  [21/54] Ruby Rock LE (5).SC2Replay  (2026-03-14 15:14)
2026-03-21 18:54:20,050  INFO  [22/54] White Rabbit LE (3).SC2Replay  (2026-03-14 15:23)
2026-03-21 18:54:20,896  INFO  [23/54] Winter Madness LE (3).SC2Replay  (2026-03-14 15:38)
2026-03-21 18:54:22,286  INFO  [24/54] White Rabbit LE (4).SC2Replay  (2026-03-14 15:54)
2026-03-21 18:54:23,365  INFO  [25/54] 10000 Feet LE (7).SC2Replay  (2026-03-14 16:10)
2026-03-21 18:54:24,017  INFO  [26/54] White Rabbit LE (5).SC2Replay  (2026-03-14 16:26)
2026-03-21 18:54:25,145  INFO  [27/54] Winter Madness LE (4).SC2Replay  (2026-03-14 18:55)
2026-03-21 18:54:26,868  INFO  [28/54] Taito Citadel LE (7).SC2Replay  (2026-03-14 19:27)
2026-03-21 18:54:30,035  INFO  [29/54] Ruby Rock LE (6).SC2Replay  (2026-03-15 14:17)
2026-03-21 18:54:31,371  INFO  [30/54] White Rabbit LE (6).SC2Replay  (2026-03-15 14:37)
2026-03-21 18:54:32,692  INFO  [31/54] Winter Madness LE (5).SC2Replay  (2026-03-16 21:02)
2026-03-21 18:54:33,273  INFO  [32/54] White Rabbit LE (7).SC2Replay  (2026-03-16 21:20)
2026-03-21 18:54:35,217  INFO  [33/54] Taito Citadel LE (8).SC2Replay  (2026-03-18 21:05)
2026-03-21 18:54:38,216  INFO  [34/54] Old Republic LE.SC2Replay  (2026-03-20 14:40)
2026-03-21 18:54:40,432  INFO  [35/54] 10000 Feet LE (18).SC2Replay  (2026-03-20 14:58)
2026-03-21 18:54:42,182  INFO  [36/54] Winter Madness LE (6).SC2Replay  (2026-03-20 16:01)
2026-03-21 18:54:43,882  INFO  [37/54] White Rabbit LE (8).SC2Replay  (2026-03-20 16:07)
2026-03-21 18:54:44,558  INFO  [38/54] White Rabbit LE (9).SC2Replay  (2026-03-20 16:11)
2026-03-21 18:54:45,111  INFO  [39/54] Ruby Rock LE (7).SC2Replay  (2026-03-20 16:19)
2026-03-21 18:54:45,962  INFO  [40/54] Celestial Enclave LE (2).SC2Replay  (2026-03-20 16:26)
2026-03-21 18:54:46,688  INFO  [41/54] Taito Citadel LE (9).SC2Replay  (2026-03-20 16:28)
2026-03-21 18:54:47,204  INFO  [42/54] Ruby Rock LE (8).SC2Replay  (2026-03-20 16:43)
2026-03-21 18:54:48,071  INFO  [43/54] 10000 Feet LE (19).SC2Replay  (2026-03-20 16:56)
2026-03-21 18:54:49,034  INFO  [44/54] 10000 Feet LE (20).SC2Replay  (2026-03-20 19:00)
2026-03-21 18:54:49,974  INFO  [45/54] 10000 Feet LE (21).SC2Replay  (2026-03-20 19:14)
2026-03-21 18:54:50,935  INFO  [46/54] Tourmaline LE (2).SC2Replay  (2026-03-20 19:32)
2026-03-21 18:54:52,799  INFO  [47/54] Celestial Enclave LE (3).SC2Replay  (2026-03-20 19:51)
2026-03-21 18:54:54,719  INFO  [48/54] 10000 Feet LE (22).SC2Replay  (2026-03-21 13:19)
2026-03-21 18:54:55,626  INFO  [49/54] White Rabbit LE (10).SC2Replay  (2026-03-21 13:28)
2026-03-21 18:54:56,357  INFO  [50/54] White Rabbit LE (11).SC2Replay  (2026-03-21 13:47)
2026-03-21 18:54:58,149  INFO  [51/54] 10000 Feet LE (23).SC2Replay  (2026-03-21 14:28)
2026-03-21 18:55:00,550  INFO  [52/54] 10000 Feet LE (24).SC2Replay  (2026-03-21 15:50)
2026-03-21 18:55:02,040  INFO  [53/54] 10000 Feet LE (25).SC2Replay  (2026-03-21 16:07)
2026-03-21 18:55:02,964  INFO  [54/54] Celestial Enclave LE (4).SC2Replay  (2026-03-21 16:48)
2026-03-21 20:05:39,087  INFO  Found 58 replay(s) in: C:\Users\ema_m\OneDrive\Documents\StarCraft II\Accounts\406314395\2-S2-1-10900170\Replays\Multiplayer
2026-03-21 20:05:39,089  INFO    Vault already has 41 note(s) — skipping those replays.
2026-03-21 20:05:39,093  INFO    Skipping 41 already-processed | Processing 17 new replay(s)

2026-03-21 20:05:39,093  INFO  [1/17] Taito Citadel LE.SC2Replay  (2026-03-11 20:42)
2026-03-21 20:05:40,081  INFO  [2/17] Ruby Rock LE.SC2Replay  (2026-03-12 20:48)
2026-03-21 20:05:40,994  INFO  [3/17] 10000 Feet LE (3).SC2Replay  (2026-03-13 22:28)
2026-03-21 20:05:41,917  INFO  [4/17] 10000 Feet LE (5).SC2Replay  (2026-03-13 23:09)
2026-03-21 20:05:42,899  INFO  [5/17] 10000 Feet LE (6).SC2Replay  (2026-03-14 13:20)
2026-03-21 20:05:43,423  INFO  [6/17] Winter Madness LE (2).SC2Replay  (2026-03-14 15:05)
2026-03-21 20:05:43,948  INFO  [7/17] White Rabbit LE (7).SC2Replay  (2026-03-16 21:20)
2026-03-21 20:05:46,064  INFO  [8/17] Taito Citadel LE (8).SC2Replay  (2026-03-18 21:05)
2026-03-21 20:05:49,327  INFO  [9/17] Old Republic LE.SC2Replay  (2026-03-20 14:40)
2026-03-21 20:05:51,831  INFO  [10/17] White Rabbit LE (9).SC2Replay  (2026-03-20 16:11)
2026-03-21 20:05:52,401  INFO  [11/17] 10000 Feet LE (19).SC2Replay  (2026-03-20 16:56)
2026-03-21 20:05:53,484  INFO  [12/17] 10000 Feet LE (20).SC2Replay  (2026-03-20 19:00)
2026-03-21 20:05:54,522  INFO  [13/17] 10000 Feet LE (21).SC2Replay  (2026-03-20 19:14)
2026-03-21 20:05:55,575  INFO  [14/17] 10000 Feet LE (22).SC2Replay  (2026-03-21 13:19)
2026-03-21 20:05:56,524  INFO  [15/17] 10000 Feet LE (25).SC2Replay  (2026-03-21 16:07)
2026-03-21 20:05:57,496  INFO  [16/17] 10000 Feet LE (26).SC2Replay  (2026-03-21 19:19)
2026-03-21 20:05:58,424  INFO  [17/17] Winter Madness LE (7).SC2Replay  (2026-03-21 19:48)
2026-03-21 22:52:16,448  INFO  Found 60 replay(s) in: C:\Users\ema_m\OneDrive\Documents\StarCraft II\Accounts\406314395\2-S2-1-10900170\Replays\Multiplayer
2026-03-21 22:52:16,452  INFO    Skipping 0 already-processed | Processing 60 new replay(s)

2026-03-21 22:52:16,452  INFO  [1/60] 10000 Feet LE.SC2Replay  (2026-03-10 21:44)
2026-03-21 22:52:17,800  INFO  [2/60] Taito Citadel LE.SC2Replay  (2026-03-11 20:42)
2026-03-21 22:52:18,780  INFO  [3/60] Winter Madness LE2.SC2Replay  (2026-03-11 20:56)
2026-03-21 22:52:19,611  INFO  [4/60] Taito Citadel LE (4).SC2Replay  (2026-03-11 21:42)
2026-03-21 22:52:20,704  INFO  [5/60] Tourmaline LE.SC2Replay  (2026-03-12 20:27)
2026-03-21 22:52:22,471  INFO  [6/60] White Rabbit LE.SC2Replay  (2026-03-12 20:38)
2026-03-21 22:52:23,473  INFO  [7/60] Ruby Rock LE.SC2Replay  (2026-03-12 20:48)
2026-03-21 22:52:24,376  INFO  [8/60] Celestial Enclave LE.SC2Replay  (2026-03-12 21:00)
2026-03-21 22:52:25,348  INFO  [9/60] Taito Citadel LE (5).SC2Replay  (2026-03-13 17:19)
2026-03-21 22:52:26,596  INFO  [10/60] Ruby Rock LE (2).SC2Replay  (2026-03-13 17:36)
2026-03-21 22:52:27,653  INFO  [11/60] 10000 Feet LE (2).SC2Replay  (2026-03-13 17:48)
2026-03-21 22:52:28,468  INFO  [12/60] Winter Madness LE.SC2Replay  (2026-03-13 18:03)
2026-03-21 22:52:30,038  INFO  [13/60] Ruby Rock LE (3).SC2Replay  (2026-03-13 18:26)
2026-03-21 22:52:31,726  INFO  [14/60] 10000 Feet LE (3).SC2Replay  (2026-03-13 22:28)
2026-03-21 22:52:32,643  INFO  [15/60] 10000 Feet LE (5).SC2Replay  (2026-03-13 23:09)
2026-03-21 22:52:33,607  INFO  [16/60] 10000 Feet LE (6).SC2Replay  (2026-03-14 13:20)
2026-03-21 22:52:34,127  INFO  [17/60] White Rabbit LE (2).SC2Replay  (2026-03-14 13:48)
2026-03-21 22:52:35,660  INFO  [18/60] Taito Citadel LE (6).SC2Replay  (2026-03-14 14:08)
2026-03-21 22:52:36,932  INFO  [19/60] Ruby Rock LE (4).SC2Replay  (2026-03-14 14:32)
2026-03-21 22:52:38,536  INFO  [20/60] Winter Madness LE (2).SC2Replay  (2026-03-14 15:05)
2026-03-21 22:52:39,057  INFO  [21/60] Ruby Rock LE (5).SC2Replay  (2026-03-14 15:14)
2026-03-21 22:52:39,893  INFO  [22/60] White Rabbit LE (3).SC2Replay  (2026-03-14 15:23)
2026-03-21 22:52:40,772  INFO  [23/60] Winter Madness LE (3).SC2Replay  (2026-03-14 15:38)
2026-03-21 22:52:42,307  INFO  [24/60] White Rabbit LE (4).SC2Replay  (2026-03-14 15:54)
2026-03-21 22:52:43,447  INFO  [25/60] 10000 Feet LE (7).SC2Replay  (2026-03-14 16:10)
2026-03-21 22:52:44,795  INFO  [26/60] White Rabbit LE (5).SC2Replay  (2026-03-14 16:26)
2026-03-21 22:52:45,964  INFO  [27/60] Winter Madness LE (4).SC2Replay  (2026-03-14 18:55)
2026-03-21 22:52:47,741  INFO  [28/60] Taito Citadel LE (7).SC2Replay  (2026-03-14 19:27)
2026-03-21 22:52:51,011  INFO  [29/60] Ruby Rock LE (6).SC2Replay  (2026-03-15 14:17)
2026-03-21 22:52:52,389  INFO  [30/60] White Rabbit LE (6).SC2Replay  (2026-03-15 14:37)
2026-03-21 22:52:53,762  INFO  [31/60] Winter Madness LE (5).SC2Replay  (2026-03-16 21:02)
2026-03-21 22:52:54,354  INFO  [32/60] White Rabbit LE (7).SC2Replay  (2026-03-16 21:20)
2026-03-21 22:52:56,326  INFO  [33/60] Taito Citadel LE (8).SC2Replay  (2026-03-18 21:05)
2026-03-21 22:52:59,357  INFO  [34/60] Old Republic LE.SC2Replay  (2026-03-20 14:40)
2026-03-21 22:53:01,656  INFO  [35/60] 10000 Feet LE (18).SC2Replay  (2026-03-20 14:58)
2026-03-21 22:53:03,467  INFO  [36/60] Winter Madness LE (6).SC2Replay  (2026-03-20 16:01)
2026-03-21 22:53:05,222  INFO  [37/60] White Rabbit LE (8).SC2Replay  (2026-03-20 16:07)
2026-03-21 22:53:05,913  INFO  [38/60] White Rabbit LE (9).SC2Replay  (2026-03-20 16:11)
2026-03-21 22:53:06,472  INFO  [39/60] Ruby Rock LE (7).SC2Replay  (2026-03-20 16:19)
2026-03-21 22:53:07,403  INFO  [40/60] Celestial Enclave LE (2).SC2Replay  (2026-03-20 16:26)
2026-03-21 22:53:08,224  INFO  [41/60] Taito Citadel LE (9).SC2Replay  (2026-03-20 16:28)
2026-03-21 22:53:08,751  INFO  [42/60] Ruby Rock LE (8).SC2Replay  (2026-03-20 16:43)
2026-03-21 22:53:09,662  INFO  [43/60] 10000 Feet LE (19).SC2Replay  (2026-03-20 16:56)
2026-03-21 22:53:10,644  INFO  [44/60] 10000 Feet LE (20).SC2Replay  (2026-03-20 19:00)
2026-03-21 22:53:11,602  INFO  [45/60] 10000 Feet LE (21).SC2Replay  (2026-03-20 19:14)
2026-03-21 22:53:12,586  INFO  [46/60] Tourmaline LE (2).SC2Replay  (2026-03-20 19:32)
2026-03-21 22:53:14,530  INFO  [47/60] Celestial Enclave LE (3).SC2Replay  (2026-03-20 19:51)
2026-03-21 22:53:16,507  INFO  [48/60] 10000 Feet LE (22).SC2Replay  (2026-03-21 13:19)
2026-03-21 22:53:17,435  INFO  [49/60] White Rabbit LE (10).SC2Replay  (2026-03-21 13:28)
2026-03-21 22:53:18,184  INFO  [50/60] White Rabbit LE (11).SC2Replay  (2026-03-21 13:47)
2026-03-21 22:53:20,031  INFO  [51/60] 10000 Feet LE (23).SC2Replay  (2026-03-21 14:28)
2026-03-21 22:53:22,508  INFO  [52/60] 10000 Feet LE (24).SC2Replay  (2026-03-21 15:50)
2026-03-21 22:53:24,025  INFO  [53/60] 10000 Feet LE (25).SC2Replay  (2026-03-21 16:07)
2026-03-21 22:53:24,968  INFO  [54/60] Celestial Enclave LE (4).SC2Replay  (2026-03-21 16:48)
2026-03-21 22:53:26,179  INFO  [55/60] 10000 Feet LE (26).SC2Replay  (2026-03-21 19:19)
2026-03-21 22:53:27,073  INFO  [56/60] 10000 Feet LE (27).SC2Replay  (2026-03-21 19:37)
2026-03-21 22:53:28,952  INFO  [57/60] Winter Madness LE (7).SC2Replay  (2026-03-21 19:48)
2026-03-21 22:53:29,706  INFO  [58/60] Tourmaline LE (3).SC2Replay  (2026-03-21 19:50)
2026-03-21 22:53:30,238  INFO  [59/60] Winter Madness LE (8).SC2Replay  (2026-03-21 20:15)
2026-03-21 22:53:30,754  INFO  [60/60] White Rabbit LE (12).SC2Replay  (2026-03-21 20:44)
